proj/mips/test/fibonacci.s
